2025-08-17T20:09:01.911Z [INFO]: Request completed {
  method: 'POST',
  url: '/api/auth/login',
  statusCode: 200,
  duration: '1120ms',
  ip: '127.0.0.1',
  response: undefined
}
2025-08-17T20:10:21.758Z [SECURITY]: Failed login {
  email: 'test@example.com',
  reason: 'User not found',
  ip: 'unknown',
  userAgent: undefined
}
2025-08-17T20:10:21.765Z [INFO]: Request completed {
  method: 'POST',
  url: '/api/auth/login',
  statusCode: 200,
  duration: '1077ms',
  ip: '127.0.0.1',
  response: undefined
}
2025-08-17T20:20:33.446Z [SECURITY]: Failed login {
  email: 'ismail@eng-ict.com',
  reason: 'Invalid password',
  ip: 'unknown',
  userAgent: undefined
}
2025-08-17T20:20:33.451Z [INFO]: Request completed {
  method: 'POST',
  url: '/api/auth/login',
  statusCode: 200,
  duration: '1297ms',
  ip: '127.0.0.1',
  response: undefined
}
2025-08-17T20:22:26.904Z [SECURITY]: Failed login {
  email: ' ismail@eng-ict.com',
  reason: 'User not found',
  ip: 'unknown',
  userAgent: undefined
}
2025-08-17T20:22:26.910Z [INFO]: Request completed {
  method: 'POST',
  url: '/api/auth/login',
  statusCode: 200,
  duration: '278ms',
  ip: '127.0.0.1',
  response: undefined
}
2025-08-17T20:22:42.620Z [SECURITY]: Failed login {
  email: 'ismail@eng-ict.com',
  reason: 'Invalid password',
  ip: 'unknown',
  userAgent: undefined
}
2025-08-17T20:22:42.624Z [INFO]: Request completed {
  method: 'POST',
  url: '/api/auth/login',
  statusCode: 200,
  duration: '568ms',
  ip: '127.0.0.1',
  response: undefined
}
2025-08-17T20:23:47.855Z [INFO]: Request completed {
  method: 'POST',
  url: '/',
  statusCode: 200,
  duration: '335ms',
  ip: '127.0.0.1',
  response: undefined
}
2025-08-17T20:24:00.008Z [SECURITY]: Failed login {
  email: 'ismail@eng-ict.com',
  reason: 'Invalid password',
  ip: 'unknown',
  userAgent: undefined
}
2025-08-17T20:24:00.011Z [INFO]: Request completed {
  method: 'POST',
  url: '/api/auth/login',
  statusCode: 200,
  duration: '671ms',
  ip: '127.0.0.1',
  response: undefined
}
2025-08-17T20:27:07.961Z [SECURITY]: Failed login {
  email: 'admin@system.com',
  reason: 'Invalid password',
  ip: 'unknown',
  userAgent: undefined
}
2025-08-17T20:27:07.964Z [INFO]: Request completed {
  method: 'POST',
  url: '/api/auth/admin/login',
  statusCode: 200,
  duration: '477ms',
  ip: '127.0.0.1',
  response: undefined
}
2025-08-17T20:39:27.232Z [SECURITY]: Failed login {
  email: 'admin@system.com',
  reason: 'Invalid password',
  ip: 'unknown',
  userAgent: undefined
}
2025-08-17T20:39:27.235Z [INFO]: Request completed {
  method: 'POST',
  url: '/api/auth/admin/login',
  statusCode: 200,
  duration: '1324ms',
  ip: '127.0.0.1',
  response: undefined
}
2025-08-17T20:50:38.499Z [ERROR]: unhandledRejection: Duplicate entry 'branch_ismail_main' for key 'PRIMARY'
Error: Duplicate entry 'branch_ismail_main' for key 'PRIMARY'
    at PromisePool.query (c:\ledgerApp\node_modules\mysql2\lib\promise\pool.js:36:22)
    at MySql2PreparedQuery.execute (c:\ledgerApp\node_modules\src\mysql2\session.ts:92:29)
    at QueryPromise.execute (c:\ledgerApp\node_modules\src\mysql-core\query-builders\insert.ts:315:25)
    at QueryPromise.then (c:\ledgerApp\node_modules\src\query-promise.ts:31:15)
    at process.processTicksAndRejections (node:internal/process/task_queues:105:5) {
  error: Error: Duplicate entry 'branch_ismail_main' for key 'PRIMARY'
      at PromisePool.query (c:\ledgerApp\node_modules\mysql2\lib\promise\pool.js:36:22)
      at MySql2PreparedQuery.execute (c:\ledgerApp\node_modules\src\mysql2\session.ts:92:29)
      at QueryPromise.execute (c:\ledgerApp\node_modules\src\mysql-core\query-builders\insert.ts:315:25)
      at QueryPromise.then (c:\ledgerApp\node_modules\src\query-promise.ts:31:15)
      at process.processTicksAndRejections (node:internal/process/task_queues:105:5) {
    code: 'ER_DUP_ENTRY',
    errno: 1062,
    sql: "insert into `branches` (`id`, `business_id`, `name`, `address`, `phone`, `email`, `is_active`, `created_at`, `updated_at`) values ('branch_ismail_main', 'biz_ismail', 'Main Branch', 'Kebele 04, Jigjiga, Ethiopia', '+251-91-000-0001', 'main@eng-ict.com', true, '2025-08-17 20:50:38.219', '2025-08-17 20:50:38.219'), ('branch_ismail_branch1', 'biz_ismail', 'Branch 1', 'Kebele 05, Jigjiga, Ethiopia', '+251-91-000-0004', 'branch1@eng-ict.com', true, '2025-08-17 20:50:38.219', '2025-08-17 20:50:38.219'), ('branch_najib_main', 'biz_najib', 'Main Branch', 'Karamara, Jigjiga, Ethiopia', '+251-91-000-0002', 'main@hajielec.com', true, '2025-08-17 20:50:38.219', '2025-08-17 20:50:38.219'), ('branch_najib_branch1', 'biz_najib', 'Branch 1', 'Kebele 06, Jigjiga, Ethiopia', '+251-91-000-0005', 'branch1@hajielec.com', true, '2025-08-17 20:50:38.219', '2025-08-17 20:50:38.219'), ('branch_mawlid_main', 'biz_mawlid', 'Main Branch', 'Fafan, Jigjiga, Ethiopia', '+251-91-000-0003', 'main@opera.studio', true, '2025-08-17 20:50:38.219', '2025-08-17 20:50:38.219'), ('branch_mawlid_branch1', 'biz_mawlid', 'Branch 1', 'Kebele 07, Jigjiga, Ethiopia', '+251-91-000-0006', 'branch1@opera.studio', true, '2025-08-17 20:50:38.219', '2025-08-17 20:50:38.219')",
    sqlState: '23000',
    sqlMessage: "Duplicate entry 'branch_ismail_main' for key 'PRIMARY'"
  },
  stack: "Error: Duplicate entry 'branch_ismail_main' for key 'PRIMARY'\n" +
    '    at PromisePool.query (c:\\ledgerApp\\node_modules\\mysql2\\lib\\promise\\pool.js:36:22)\n' +
    '    at MySql2PreparedQuery.execute (c:\\ledgerApp\\node_modules\\src\\mysql2\\session.ts:92:29)\n' +
    '    at QueryPromise.execute (c:\\ledgerApp\\node_modules\\src\\mysql-core\\query-builders\\insert.ts:315:25)\n' +
    '    at QueryPromise.then (c:\\ledgerApp\\node_modules\\src\\query-promise.ts:31:15)\n' +
    '    at process.processTicksAndRejections (node:internal/process/task_queues:105:5)',
  rejection: true,
  date: 'Sun Aug 17 2025 23:50:38 GMT+0300 (East Africa Time)',
  process: {
    pid: 3572,
    uid: null,
    gid: null,
    cwd: 'c:\\ledgerApp',
    execPath: 'C:\\Program Files\\nodejs\\node.exe',
    version: 'v22.14.0',
    argv: [
      'C:\\Program Files\\nodejs\\node.exe',
      'c:\\ledgerApp\\server\\index.ts'
    ],
    memoryUsage: {
      rss: 149295104,
      heapTotal: 72671232,
      heapUsed: 67486792,
      external: 7828446,
      arrayBuffers: 2298000
    }
  },
  os: { loadavg: [ 0, 0, 0 ], uptime: 92178.546 },
  trace: [
    {
      column: 22,
      file: 'c:\\ledgerApp\\node_modules\\mysql2\\lib\\promise\\pool.js',
      function: 'PromisePool.query',
      line: 36,
      method: 'query',
      native: false
    },
    {
      column: 29,
      file: 'c:\\ledgerApp\\node_modules\\src\\mysql2\\session.ts',
      function: 'MySql2PreparedQuery.execute',
      line: 92,
      method: 'execute',
      native: false
    },
    {
      column: 25,
      file: 'c:\\ledgerApp\\node_modules\\src\\mysql-core\\query-builders\\insert.ts',
      function: 'QueryPromise.execute',
      line: 315,
      method: 'execute',
      native: false
    },
    {
      column: 15,
      file: 'c:\\ledgerApp\\node_modules\\src\\query-promise.ts',
      function: 'QueryPromise.then',
      line: 31,
      method: 'then',
      native: false
    },
    {
      column: 5,
      file: 'node:internal/process/task_queues',
      function: 'process.processTicksAndRejections',
      line: 105,
      method: 'processTicksAndRejections',
      native: false
    }
  ]
}
2025-08-17T20:52:32.804Z [SECURITY]: Successful login {
  email: 'admin@system.com',
  userId: 'user_admin',
  ip: 'unknown',
  userAgent: undefined
}
2025-08-17T20:52:32.810Z [INFO]: Request completed {
  method: 'POST',
  url: '/api/auth/admin/login',
  statusCode: 200,
  duration: '1303ms',
  ip: '127.0.0.1',
  response: undefined
}
2025-08-17T20:52:53.280Z [SECURITY]: Successful login {
  email: 'admin@system.com',
  userId: 'user_admin',
  ip: 'unknown',
  userAgent: undefined
}
2025-08-17T20:52:53.283Z [INFO]: Request completed {
  method: 'POST',
  url: '/api/auth/admin/login',
  statusCode: 200,
  duration: '503ms',
  ip: '127.0.0.1',
  response: undefined
}
2025-08-17T20:54:33.564Z [SECURITY]: Failed login {
  email: 'ismail@eng-ict.com',
  reason: 'Invalid password',
  ip: 'unknown',
  userAgent: undefined
}
2025-08-17T20:54:33.567Z [INFO]: Request completed {
  method: 'POST',
  url: '/api/auth/login',
  statusCode: 200,
  duration: '499ms',
  ip: '127.0.0.1',
  response: undefined
}
2025-08-17T20:55:42.900Z [SECURITY]: Failed login {
  email: 'ismail@eng-ict.com',
  reason: 'Invalid password',
  ip: 'unknown',
  userAgent: undefined
}
2025-08-17T20:55:42.902Z [INFO]: Request completed {
  method: 'POST',
  url: '/api/auth/login',
  statusCode: 200,
  duration: '492ms',
  ip: '127.0.0.1',
  response: undefined
}
2025-08-17T20:56:15.833Z [SECURITY]: Failed login {
  email: 'ismail@eng-ict.com',
  reason: 'Invalid password',
  ip: 'unknown',
  userAgent: undefined
}
2025-08-17T20:56:15.835Z [INFO]: Request completed {
  method: 'POST',
  url: '/api/auth/login',
  statusCode: 200,
  duration: '502ms',
  ip: '127.0.0.1',
  response: undefined
}
2025-08-17T20:57:11.310Z [ERROR]: unhandledRejection: Table 'ledger.invoice_items' doesn't exist
Error: Table 'ledger.invoice_items' doesn't exist
    at PromisePool.query (c:\ledgerApp\node_modules\mysql2\lib\promise\pool.js:36:22)
    at MySql2PreparedQuery.execute (c:\ledgerApp\node_modules\src\mysql2\session.ts:92:29)
    at QueryPromise.execute (c:\ledgerApp\node_modules\src\mysql-core\query-builders\delete.ts:192:25)
    at QueryPromise.then (c:\ledgerApp\node_modules\src\query-promise.ts:31:15)
    at process.processTicksAndRejections (node:internal/process/task_queues:105:5) {
  error: Error: Table 'ledger.invoice_items' doesn't exist
      at PromisePool.query (c:\ledgerApp\node_modules\mysql2\lib\promise\pool.js:36:22)
      at MySql2PreparedQuery.execute (c:\ledgerApp\node_modules\src\mysql2\session.ts:92:29)
      at QueryPromise.execute (c:\ledgerApp\node_modules\src\mysql-core\query-builders\delete.ts:192:25)
      at QueryPromise.then (c:\ledgerApp\node_modules\src\query-promise.ts:31:15)
      at process.processTicksAndRejections (node:internal/process/task_queues:105:5) {
    code: 'ER_NO_SUCH_TABLE',
    errno: 1146,
    sql: 'delete from `invoice_items`',
    sqlState: '42S02',
    sqlMessage: "Table 'ledger.invoice_items' doesn't exist"
  },
  stack: "Error: Table 'ledger.invoice_items' doesn't exist\n" +
    '    at PromisePool.query (c:\\ledgerApp\\node_modules\\mysql2\\lib\\promise\\pool.js:36:22)\n' +
    '    at MySql2PreparedQuery.execute (c:\\ledgerApp\\node_modules\\src\\mysql2\\session.ts:92:29)\n' +
    '    at QueryPromise.execute (c:\\ledgerApp\\node_modules\\src\\mysql-core\\query-builders\\delete.ts:192:25)\n' +
    '    at QueryPromise.then (c:\\ledgerApp\\node_modules\\src\\query-promise.ts:31:15)\n' +
    '    at process.processTicksAndRejections (node:internal/process/task_queues:105:5)',
  rejection: true,
  date: 'Sun Aug 17 2025 23:57:11 GMT+0300 (East Africa Time)',
  process: {
    pid: 11336,
    uid: null,
    gid: null,
    cwd: 'c:\\ledgerApp',
    execPath: 'C:\\Program Files\\nodejs\\node.exe',
    version: 'v22.14.0',
    argv: [
      'C:\\Program Files\\nodejs\\node.exe',
      'c:\\ledgerApp\\server\\index.ts'
    ],
    memoryUsage: {
      rss: 148643840,
      heapTotal: 70836224,
      heapUsed: 67215336,
      external: 7816568,
      arrayBuffers: 2292124
    }
  },
  os: { loadavg: [ 0, 0, 0 ], uptime: 92571.359 },
  trace: [
    {
      column: 22,
      file: 'c:\\ledgerApp\\node_modules\\mysql2\\lib\\promise\\pool.js',
      function: 'PromisePool.query',
      line: 36,
      method: 'query',
      native: false
    },
    {
      column: 29,
      file: 'c:\\ledgerApp\\node_modules\\src\\mysql2\\session.ts',
      function: 'MySql2PreparedQuery.execute',
      line: 92,
      method: 'execute',
      native: false
    },
    {
      column: 25,
      file: 'c:\\ledgerApp\\node_modules\\src\\mysql-core\\query-builders\\delete.ts',
      function: 'QueryPromise.execute',
      line: 192,
      method: 'execute',
      native: false
    },
    {
      column: 15,
      file: 'c:\\ledgerApp\\node_modules\\src\\query-promise.ts',
      function: 'QueryPromise.then',
      line: 31,
      method: 'then',
      native: false
    },
    {
      column: 5,
      file: 'node:internal/process/task_queues',
      function: 'process.processTicksAndRejections',
      line: 105,
      method: 'processTicksAndRejections',
      native: false
    }
  ]
}
2025-08-17T20:58:13.410Z [INFO]: Request completed {
  method: 'GET',
  url: '/healthz',
  statusCode: 200,
  duration: '1154ms',
  ip: '127.0.0.1',
  response: undefined
}
2025-08-17T20:58:42.072Z [ERROR]: unhandledRejection: Table 'ledger.invoice_items' doesn't exist
Error: Table 'ledger.invoice_items' doesn't exist
    at PromisePool.query (C:\ledgerApp\node_modules\mysql2\lib\promise\pool.js:36:22)
    at MySql2PreparedQuery.execute (C:\ledgerApp\node_modules\src\mysql2\session.ts:92:29)
    at QueryPromise.execute (C:\ledgerApp\node_modules\src\mysql-core\query-builders\delete.ts:192:25)
    at QueryPromise.then (C:\ledgerApp\node_modules\src\query-promise.ts:31:15)
    at process.processTicksAndRejections (node:internal/process/task_queues:105:5) {
  error: Error: Table 'ledger.invoice_items' doesn't exist
      at PromisePool.query (C:\ledgerApp\node_modules\mysql2\lib\promise\pool.js:36:22)
      at MySql2PreparedQuery.execute (C:\ledgerApp\node_modules\src\mysql2\session.ts:92:29)
      at QueryPromise.execute (C:\ledgerApp\node_modules\src\mysql-core\query-builders\delete.ts:192:25)
      at QueryPromise.then (C:\ledgerApp\node_modules\src\query-promise.ts:31:15)
      at process.processTicksAndRejections (node:internal/process/task_queues:105:5) {
    code: 'ER_NO_SUCH_TABLE',
    errno: 1146,
    sql: 'delete from `invoice_items`',
    sqlState: '42S02',
    sqlMessage: "Table 'ledger.invoice_items' doesn't exist"
  },
  stack: "Error: Table 'ledger.invoice_items' doesn't exist\n" +
    '    at PromisePool.query (C:\\ledgerApp\\node_modules\\mysql2\\lib\\promise\\pool.js:36:22)\n' +
    '    at MySql2PreparedQuery.execute (C:\\ledgerApp\\node_modules\\src\\mysql2\\session.ts:92:29)\n' +
    '    at QueryPromise.execute (C:\\ledgerApp\\node_modules\\src\\mysql-core\\query-builders\\delete.ts:192:25)\n' +
    '    at QueryPromise.then (C:\\ledgerApp\\node_modules\\src\\query-promise.ts:31:15)\n' +
    '    at process.processTicksAndRejections (node:internal/process/task_queues:105:5)',
  rejection: true,
  date: 'Sun Aug 17 2025 23:58:42 GMT+0300 (East Africa Time)',
  process: {
    pid: 18176,
    uid: null,
    gid: null,
    cwd: 'C:\\ledgerApp',
    execPath: 'C:\\Program Files\\nodejs\\node.exe',
    version: 'v22.14.0',
    argv: [
      'C:\\Program Files\\nodejs\\node.exe',
      'C:\\ledgerApp\\server\\index.ts'
    ],
    memoryUsage: {
      rss: 149667840,
      heapTotal: 70574080,
      heapUsed: 67674232,
      external: 7844166,
      arrayBuffers: 2319722
    }
  },
  os: { loadavg: [ 0, 0, 0 ], uptime: 92662.125 },
  trace: [
    {
      column: 22,
      file: 'C:\\ledgerApp\\node_modules\\mysql2\\lib\\promise\\pool.js',
      function: 'PromisePool.query',
      line: 36,
      method: 'query',
      native: false
    },
    {
      column: 29,
      file: 'C:\\ledgerApp\\node_modules\\src\\mysql2\\session.ts',
      function: 'MySql2PreparedQuery.execute',
      line: 92,
      method: 'execute',
      native: false
    },
    {
      column: 25,
      file: 'C:\\ledgerApp\\node_modules\\src\\mysql-core\\query-builders\\delete.ts',
      function: 'QueryPromise.execute',
      line: 192,
      method: 'execute',
      native: false
    },
    {
      column: 15,
      file: 'C:\\ledgerApp\\node_modules\\src\\query-promise.ts',
      function: 'QueryPromise.then',
      line: 31,
      method: 'then',
      native: false
    },
    {
      column: 5,
      file: 'node:internal/process/task_queues',
      function: 'process.processTicksAndRejections',
      line: 105,
      method: 'processTicksAndRejections',
      native: false
    }
  ]
}
