2025-08-17T21:05:26.522Z [SECURITY]: Failed login {
  email: 'ismail@eng-ict.com',
  reason: 'Invalid password',
  ip: 'unknown',
  userAgent: undefined
}
2025-08-17T21:05:26.527Z [INFO]: Request completed {
  method: 'POST',
  url: '/api/auth/login',
  statusCode: 200,
  duration: '1523ms',
  ip: '127.0.0.1',
  response: undefined
}
2025-08-17T21:06:12.132Z [SECURITY]: Failed login {
  email: 'ismail@eng-ict.com',
  reason: 'Invalid password',
  ip: 'unknown',
  userAgent: undefined
}
2025-08-17T21:06:12.146Z [INFO]: Request completed {
  method: 'POST',
  url: '/api/auth/login',
  statusCode: 200,
  duration: '1030ms',
  ip: '127.0.0.1',
  response: undefined
}
2025-08-18T05:48:19.319Z [INFO]: Request completed {
  method: 'GET',
  url: '/sw.js',
  statusCode: 304,
  duration: '8ms',
  ip: '127.0.0.1',
  response: undefined
}
2025-08-18T05:48:36.772Z [INFO]: Request completed {
  method: 'GET',
  url: '/.well-known/appspecific/com.chrome.devtools.json',
  statusCode: 404,
  duration: '4ms',
  ip: '127.0.0.1',
  response: undefined
}
2025-08-18T05:48:51.557Z [ERROR]: unhandledRejection: Unknown column 'accounts.business_id' in 'where clause'
Error: Unknown column 'accounts.business_id' in 'where clause'
    at PromisePool.query (C:\ledgerApp\node_modules\mysql2\lib\promise\pool.js:36:22)
    at MySql2PreparedQuery.execute (C:\ledgerApp\node_modules\src\mysql2\session.ts:121:31)
    at MySqlSelectBase.execute (C:\ledgerApp\node_modules\src\mysql-core\query-builders\select.ts:1056:25)
    at MySqlSelectBase.then (C:\ledgerApp\node_modules\src\query-promise.ts:31:15)
    at process.processTicksAndRejections (node:internal/process/task_queues:105:5) {
  error: Error: Unknown column 'accounts.business_id' in 'where clause'
      at PromisePool.query (C:\ledgerApp\node_modules\mysql2\lib\promise\pool.js:36:22)
      at MySql2PreparedQuery.execute (C:\ledgerApp\node_modules\src\mysql2\session.ts:121:31)
      at MySqlSelectBase.execute (C:\ledgerApp\node_modules\src\mysql-core\query-builders\select.ts:1056:25)
      at MySqlSelectBase.then (C:\ledgerApp\node_modules\src\query-promise.ts:31:15)
      at process.processTicksAndRejections (node:internal/process/task_queues:105:5) {
    code: 'ER_BAD_FIELD_ERROR',
    errno: 1054,
    sql: "select `id`, `name`, `phone`, `type` from `accounts` where `accounts`.`business_id` = 'biz_ismail'",
    sqlState: '42S22',
    sqlMessage: "Unknown column 'accounts.business_id' in 'where clause'"
  },
  stack: "Error: Unknown column 'accounts.business_id' in 'where clause'\n" +
    '    at PromisePool.query (C:\\ledgerApp\\node_modules\\mysql2\\lib\\promise\\pool.js:36:22)\n' +
    '    at MySql2PreparedQuery.execute (C:\\ledgerApp\\node_modules\\src\\mysql2\\session.ts:121:31)\n' +
    '    at MySqlSelectBase.execute (C:\\ledgerApp\\node_modules\\src\\mysql-core\\query-builders\\select.ts:1056:25)\n' +
    '    at MySqlSelectBase.then (C:\\ledgerApp\\node_modules\\src\\query-promise.ts:31:15)\n' +
    '    at process.processTicksAndRejections (node:internal/process/task_queues:105:5)',
  rejection: true,
  date: 'Mon Aug 18 2025 08:48:51 GMT+0300 (East Africa Time)',
  process: {
    pid: 17532,
    uid: null,
    gid: null,
    cwd: 'C:\\ledgerApp',
    execPath: 'C:\\Program Files\\nodejs\\node.exe',
    version: 'v22.14.0',
    argv: [
      'C:\\Program Files\\nodejs\\node.exe',
      'C:\\ledgerApp\\server\\index.ts'
    ],
    memoryUsage: {
      rss: 146485248,
      heapTotal: 72146944,
      heapUsed: 67710680,
      external: 7835075,
      arrayBuffers: 2304629
    }
  },
  os: { loadavg: [ 0, 0, 0 ], uptime: 124470.25 },
  trace: [
    {
      column: 22,
      file: 'C:\\ledgerApp\\node_modules\\mysql2\\lib\\promise\\pool.js',
      function: 'PromisePool.query',
      line: 36,
      method: 'query',
      native: false
    },
    {
      column: 31,
      file: 'C:\\ledgerApp\\node_modules\\src\\mysql2\\session.ts',
      function: 'MySql2PreparedQuery.execute',
      line: 121,
      method: 'execute',
      native: false
    },
    {
      column: 25,
      file: 'C:\\ledgerApp\\node_modules\\src\\mysql-core\\query-builders\\select.ts',
      function: 'MySqlSelectBase.execute',
      line: 1056,
      method: 'execute',
      native: false
    },
    {
      column: 15,
      file: 'C:\\ledgerApp\\node_modules\\src\\query-promise.ts',
      function: 'MySqlSelectBase.then',
      line: 31,
      method: 'then',
      native: false
    },
    {
      column: 5,
      file: 'node:internal/process/task_queues',
      function: 'process.processTicksAndRejections',
      line: 105,
      method: 'processTicksAndRejections',
      native: false
    }
  ]
}
2025-08-18T06:08:23.541Z [INFO]: Request completed {
  method: 'GET',
  url: '/sw.js',
  statusCode: 304,
  duration: '17ms',
  ip: '127.0.0.1',
  response: undefined
}
2025-08-18T06:08:23.930Z [INFO]: Request completed {
  method: 'GET',
  url: '/.well-known/appspecific/com.chrome.devtools.json',
  statusCode: 404,
  duration: '3ms',
  ip: '127.0.0.1',
  response: undefined
}
2025-08-18T06:08:32.009Z [ERROR]: unhandledRejection: connect ETIMEDOUT
Error: connect ETIMEDOUT
    at PromisePool.query (C:\ledgerApp\node_modules\mysql2\lib\promise\pool.js:36:22)
    at MySql2PreparedQuery.execute (C:\ledgerApp\node_modules\src\mysql2\session.ts:121:31)
    at MySqlSelectBase.execute (C:\ledgerApp\node_modules\src\mysql-core\query-builders\select.ts:1056:25)
    at MySqlSelectBase.then (C:\ledgerApp\node_modules\src\query-promise.ts:31:15)
    at process.processTicksAndRejections (node:internal/process/task_queues:105:5) {
  error: Error: connect ETIMEDOUT
      at PromisePool.query (C:\ledgerApp\node_modules\mysql2\lib\promise\pool.js:36:22)
      at MySql2PreparedQuery.execute (C:\ledgerApp\node_modules\src\mysql2\session.ts:121:31)
      at MySqlSelectBase.execute (C:\ledgerApp\node_modules\src\mysql-core\query-builders\select.ts:1056:25)
      at MySqlSelectBase.then (C:\ledgerApp\node_modules\src\query-promise.ts:31:15)
      at process.processTicksAndRejections (node:internal/process/task_queues:105:5) {
    code: 'ETIMEDOUT',
    errno: undefined,
    sql: undefined,
    sqlState: undefined,
    sqlMessage: undefined
  },
  stack: 'Error: connect ETIMEDOUT\n' +
    '    at PromisePool.query (C:\\ledgerApp\\node_modules\\mysql2\\lib\\promise\\pool.js:36:22)\n' +
    '    at MySql2PreparedQuery.execute (C:\\ledgerApp\\node_modules\\src\\mysql2\\session.ts:121:31)\n' +
    '    at MySqlSelectBase.execute (C:\\ledgerApp\\node_modules\\src\\mysql-core\\query-builders\\select.ts:1056:25)\n' +
    '    at MySqlSelectBase.then (C:\\ledgerApp\\node_modules\\src\\query-promise.ts:31:15)\n' +
    '    at process.processTicksAndRejections (node:internal/process/task_queues:105:5)',
  rejection: true,
  date: 'Mon Aug 18 2025 09:08:31 GMT+0300 (East Africa Time)',
  process: {
    pid: 23356,
    uid: null,
    gid: null,
    cwd: 'C:\\ledgerApp',
    execPath: 'C:\\Program Files\\nodejs\\node.exe',
    version: 'v22.14.0',
    argv: [
      'C:\\Program Files\\nodejs\\node.exe',
      'C:\\ledgerApp\\server\\index.ts'
    ],
    memoryUsage: {
      rss: 146673664,
      heapTotal: 71622656,
      heapUsed: 67283456,
      external: 7828550,
      arrayBuffers: 2298104
    }
  },
  os: { loadavg: [ 0, 0, 0 ], uptime: 125650.703 },
  trace: [
    {
      column: 22,
      file: 'C:\\ledgerApp\\node_modules\\mysql2\\lib\\promise\\pool.js',
      function: 'PromisePool.query',
      line: 36,
      method: 'query',
      native: false
    },
    {
      column: 31,
      file: 'C:\\ledgerApp\\node_modules\\src\\mysql2\\session.ts',
      function: 'MySql2PreparedQuery.execute',
      line: 121,
      method: 'execute',
      native: false
    },
    {
      column: 25,
      file: 'C:\\ledgerApp\\node_modules\\src\\mysql-core\\query-builders\\select.ts',
      function: 'MySqlSelectBase.execute',
      line: 1056,
      method: 'execute',
      native: false
    },
    {
      column: 15,
      file: 'C:\\ledgerApp\\node_modules\\src\\query-promise.ts',
      function: 'MySqlSelectBase.then',
      line: 31,
      method: 'then',
      native: false
    },
    {
      column: 5,
      file: 'node:internal/process/task_queues',
      function: 'process.processTicksAndRejections',
      line: 105,
      method: 'processTicksAndRejections',
      native: false
    }
  ]
}
2025-08-18T06:11:22.389Z [INFO]: Request completed {
  method: 'GET',
  url: '/',
  statusCode: 200,
  duration: '325ms',
  ip: '127.0.0.1',
  response: undefined
}
2025-08-18T06:11:22.970Z [INFO]: Request completed {
  method: 'GET',
  url: '/.well-known/appspecific/com.chrome.devtools.json',
  statusCode: 404,
  duration: '2ms',
  ip: '127.0.0.1',
  response: undefined
}
2025-08-18T06:11:23.007Z [INFO]: Request completed {
  method: 'GET',
  url: '/@vite/client',
  statusCode: 200,
  duration: '35ms',
  ip: '127.0.0.1',
  response: undefined
}
2025-08-18T06:11:23.018Z [INFO]: Request completed {
  method: 'GET',
  url: '/src/main.tsx?v=_Jb_Volvp4cGnS5ewqRvE',
  statusCode: 200,
  duration: '44ms',
  ip: '127.0.0.1',
  response: undefined
}
2025-08-18T06:11:24.982Z [INFO]: Request completed {
  method: 'GET',
  url: '/@react-refresh',
  statusCode: 304,
  duration: '4ms',
  ip: '127.0.0.1',
  response: undefined
}
2025-08-18T06:11:25.017Z [INFO]: Request completed {
  method: 'GET',
  url: '/@fs/C:/ledgerApp/node_modules/vite/dist/client/env.mjs',
  statusCode: 304,
  duration: '3ms',
  ip: '127.0.0.1',
  response: undefined
}
2025-08-18T06:11:25.033Z [INFO]: Request completed {
  method: 'GET',
  url: '/@fs/C:/ledgerApp/node_modules/.vite/deps/react_jsx-dev-runtime.js?v=8a52a103',
  statusCode: 200,
  duration: '4ms',
  ip: '127.0.0.1',
  response: undefined
}
2025-08-18T06:11:25.038Z [INFO]: Request completed {
  method: 'GET',
  url: '/src/index.css?v=_Jb_Volvp4cGnS5ewqRvE',
  statusCode: 200,
  duration: '2ms',
  ip: '127.0.0.1',
  response: undefined
}
2025-08-18T06:11:25.042Z [INFO]: Request completed {
  method: 'GET',
  url: '/@fs/C:/ledgerApp/node_modules/.vite/deps/react-dom_client.js?v=69a6106e',
  statusCode: 200,
  duration: '2ms',
  ip: '127.0.0.1',
  response: undefined
}
2025-08-18T06:11:25.046Z [INFO]: Request completed {
  method: 'GET',
  url: '/src/App.tsx?v=_Jb_Volvp4cGnS5ewqRvE',
  statusCode: 200,
  duration: '2ms',
  ip: '127.0.0.1',
  response: undefined
}
2025-08-18T06:11:25.064Z [INFO]: Request completed {
  method: 'GET',
  url: '/@fs/C:/ledgerApp/node_modules/.vite/deps/chunk-3TFVT2CW.js?v=1d983009',
  statusCode: 200,
  duration: '3ms',
  ip: '127.0.0.1',
  response: undefined
}
2025-08-18T06:11:25.074Z [INFO]: Request completed {
  method: 'GET',
  url: '/@fs/C:/ledgerApp/node_modules/.vite/deps/chunk-4MBMRILA.js?v=1d983009',
  statusCode: 200,
  duration: '4ms',
  ip: '127.0.0.1',
  response: undefined
}
2025-08-18T06:11:25.091Z [INFO]: Request completed {
  method: 'GET',
  url: '/@fs/C:/ledgerApp/node_modules/.vite/deps/chunk-WERSD76P.js?v=1d983009',
  statusCode: 200,
  duration: '14ms',
  ip: '127.0.0.1',
  response: undefined
}
2025-08-18T06:11:25.094Z [INFO]: Request completed {
  method: 'GET',
  url: '/@fs/C:/ledgerApp/node_modules/.vite/deps/react.js?v=8a52a103',
  statusCode: 200,
  duration: '2ms',
  ip: '127.0.0.1',
  response: undefined
}
2025-08-18T06:11:25.097Z [INFO]: Request completed {
  method: 'GET',
  url: '/@fs/C:/ledgerApp/node_modules/.vite/deps/@tanstack_react-query.js?v=b4324223',
  statusCode: 200,
  duration: '1ms',
  ip: '127.0.0.1',
  response: undefined
}
2025-08-18T06:11:25.101Z [INFO]: Request completed {
  method: 'GET',
  url: '/src/lib/queryClient.ts',
  statusCode: 200,
  duration: '3ms',
  ip: '127.0.0.1',
  response: undefined
}
2025-08-18T06:11:25.106Z [INFO]: Request completed {
  method: 'GET',
  url: '/src/components/ui/toaster.tsx',
  statusCode: 200,
  duration: '3ms',
  ip: '127.0.0.1',
  response: undefined
}
2025-08-18T06:11:25.109Z [INFO]: Request completed {
  method: 'GET',
  url: '/src/components/ui/tooltip.tsx',
  statusCode: 200,
  duration: '2ms',
  ip: '127.0.0.1',
  response: undefined
}
2025-08-18T06:11:25.122Z [INFO]: Request completed {
  method: 'GET',
  url: '/src/components/layout/ResponsiveLayout.tsx',
  statusCode: 200,
  duration: '3ms',
  ip: '127.0.0.1',
  response: undefined
}
2025-08-18T06:11:25.137Z [INFO]: Request completed {
  method: 'GET',
  url: '/src/lib/store.ts',
  statusCode: 200,
  duration: '3ms',
  ip: '127.0.0.1',
  response: undefined
}
2025-08-18T06:11:25.143Z [INFO]: Request completed {
  method: 'GET',
  url: '/src/pages/Dashboard.tsx',
  statusCode: 200,
  duration: '3ms',
  ip: '127.0.0.1',
  response: undefined
}
2025-08-18T06:11:25.146Z [INFO]: Request completed {
  method: 'GET',
  url: '/src/pages/CustomerDetail.tsx',
  statusCode: 200,
  duration: '1ms',
  ip: '127.0.0.1',
  response: undefined
}
2025-08-18T06:11:25.150Z [INFO]: Request completed {
  method: 'GET',
  url: '/src/pages/CashBook.tsx',
  statusCode: 200,
  duration: '2ms',
  ip: '127.0.0.1',
  response: undefined
}
2025-08-18T06:11:25.155Z [INFO]: Request completed {
  method: 'GET',
  url: '/src/pages/Invoices.tsx',
  statusCode: 200,
  duration: '3ms',
  ip: '127.0.0.1',
  response: undefined
}
2025-08-18T06:11:25.160Z [INFO]: Request completed {
  method: 'GET',
  url: '/src/pages/Inventory.tsx',
  statusCode: 200,
  duration: '2ms',
  ip: '127.0.0.1',
  response: undefined
}
2025-08-18T06:11:25.163Z [INFO]: Request completed {
  method: 'GET',
  url: '/src/pages/Reports.tsx',
  statusCode: 200,
  duration: '1ms',
  ip: '127.0.0.1',
  response: undefined
}
2025-08-18T06:11:25.167Z [INFO]: Request completed {
  method: 'GET',
  url: '/src/pages/Settings.tsx',
  statusCode: 200,
  duration: '3ms',
  ip: '127.0.0.1',
  response: undefined
}
2025-08-18T06:11:25.173Z [INFO]: Request completed {
  method: 'GET',
  url: '/@fs/C:/ledgerApp/node_modules/.vite/deps/chunk-ZADDJO6S.js?v=1d983009',
  statusCode: 200,
  duration: '2ms',
  ip: '127.0.0.1',
  response: undefined
}
2025-08-18T06:11:25.176Z [INFO]: Request completed {
  method: 'GET',
  url: '/@fs/C:/ledgerApp/node_modules/.vite/deps/chunk-S77I6LSE.js?v=1d983009',
  statusCode: 200,
  duration: '1ms',
  ip: '127.0.0.1',
  response: undefined
}
2025-08-18T06:11:25.179Z [INFO]: Request completed {
  method: 'GET',
  url: '/@fs/C:/ledgerApp/node_modules/.vite/deps/@tanstack_react-query-persist-client.js?v=8de08cc3',
  statusCode: 200,
  duration: '2ms',
  ip: '127.0.0.1',
  response: undefined
}
2025-08-18T06:11:25.187Z [INFO]: Request completed {
  method: 'GET',
  url: '/@fs/C:/ledgerApp/node_modules/.vite/deps/@tanstack_query-sync-storage-persister.js?v=1f7950af',
  statusCode: 200,
  duration: '2ms',
  ip: '127.0.0.1',
  response: undefined
}
2025-08-18T06:11:25.190Z [INFO]: Request completed {
  method: 'GET',
  url: '/src/hooks/use-toast.ts',
  statusCode: 200,
  duration: '1ms',
  ip: '127.0.0.1',
  response: undefined
}
2025-08-18T06:11:25.193Z [INFO]: Request completed {
  method: 'GET',
  url: '/src/components/ui/toast.tsx',
  statusCode: 200,
  duration: '1ms',
  ip: '127.0.0.1',
  response: undefined
}
2025-08-18T06:11:25.195Z [INFO]: Request completed {
  method: 'GET',
  url: '/@fs/C:/ledgerApp/node_modules/.vite/deps/@radix-ui_react-tooltip.js?v=cd5d2391',
  statusCode: 200,
  duration: '1ms',
  ip: '127.0.0.1',
  response: undefined
}
2025-08-18T06:11:25.198Z [INFO]: Request completed {
  method: 'GET',
  url: '/src/lib/utils.ts',
  statusCode: 200,
  duration: '2ms',
  ip: '127.0.0.1',
  response: undefined
}
2025-08-18T06:11:25.201Z [INFO]: Request completed {
  method: 'GET',
  url: '/src/components/layout/DesktopSidebar.tsx',
  statusCode: 200,
  duration: '1ms',
  ip: '127.0.0.1',
  response: undefined
}
2025-08-18T06:11:25.205Z [INFO]: Request completed {
  method: 'GET',
  url: '/src/components/layout/MobileBottomNav.tsx',
  statusCode: 200,
  duration: '2ms',
  ip: '127.0.0.1',
  response: undefined
}
2025-08-18T06:11:25.207Z [INFO]: Request completed {
  method: 'GET',
  url: '/src/components/layout/ResponsiveHeader.tsx',
  statusCode: 200,
  duration: '1ms',
  ip: '127.0.0.1',
  response: undefined
}
2025-08-18T06:11:25.212Z [INFO]: Request completed {
  method: 'GET',
  url: '/@fs/C:/ledgerApp/node_modules/.vite/deps/zustand.js?v=4cc22a17',
  statusCode: 200,
  duration: '1ms',
  ip: '127.0.0.1',
  response: undefined
}
2025-08-18T06:11:25.215Z [INFO]: Request completed {
  method: 'GET',
  url: '/src/lib/db.ts',
  statusCode: 200,
  duration: '2ms',
  ip: '127.0.0.1',
  response: undefined
}
2025-08-18T06:11:25.220Z [INFO]: Request completed {
  method: 'GET',
  url: '/src/components/modals/AddCustomerModal.tsx',
  statusCode: 200,
  duration: '3ms',
  ip: '127.0.0.1',
  response: undefined
}
2025-08-18T06:11:25.222Z [INFO]: Request completed {
  method: 'GET',
  url: '/src/components/ui/card.tsx',
  statusCode: 200,
  duration: '1ms',
  ip: '127.0.0.1',
  response: undefined
}
2025-08-18T06:11:25.225Z [INFO]: Request completed {
  method: 'GET',
  url: '/src/components/ui/button.tsx',
  statusCode: 200,
  duration: '1ms',
  ip: '127.0.0.1',
  response: undefined
}
2025-08-18T06:11:25.227Z [INFO]: Request completed {
  method: 'GET',
  url: '/src/components/ui/avatar.tsx',
  statusCode: 200,
  duration: '1ms',
  ip: '127.0.0.1',
  response: undefined
}
2025-08-18T06:11:25.234Z [INFO]: Request completed {
  method: 'GET',
  url: '/@fs/C:/ledgerApp/node_modules/.vite/deps/lucide-react.js?v=8872a829',
  statusCode: 200,
  duration: '6ms',
  ip: '127.0.0.1',
  response: undefined
}
2025-08-18T06:11:25.237Z [INFO]: Request completed {
  method: 'GET',
  url: '/src/components/ui/loading.tsx',
  statusCode: 200,
  duration: '1ms',
  ip: '127.0.0.1',
  response: undefined
}
2025-08-18T06:11:25.240Z [INFO]: Request completed {
  method: 'GET',
  url: '/src/components/layout/AppBar.tsx',
  statusCode: 200,
  duration: '1ms',
  ip: '127.0.0.1',
  response: undefined
}
2025-08-18T06:11:25.243Z [INFO]: Request completed {
  method: 'GET',
  url: '/src/components/forms/QuickEntryForm.tsx',
  statusCode: 200,
  duration: '2ms',
  ip: '127.0.0.1',
  response: undefined
}
2025-08-18T06:11:25.245Z [INFO]: Request completed {
  method: 'GET',
  url: '/src/components/ui/tabs.tsx',
  statusCode: 200,
  duration: '2ms',
  ip: '127.0.0.1',
  response: undefined
}
2025-08-18T06:11:25.259Z [INFO]: Request completed {
  method: 'GET',
  url: '/src/components/modals/CashEntryModal.tsx',
  statusCode: 200,
  duration: '1ms',
  ip: '127.0.0.1',
  response: undefined
}
2025-08-18T06:11:25.263Z [INFO]: Request completed {
  method: 'GET',
  url: '/src/components/ui/input.tsx',
  statusCode: 200,
  duration: '2ms',
  ip: '127.0.0.1',
  response: undefined
}
2025-08-18T06:11:25.266Z [INFO]: Request completed {
  method: 'GET',
  url: '/src/components/ui/label.tsx',
  statusCode: 200,
  duration: '1ms',
  ip: '127.0.0.1',
  response: undefined
}
2025-08-18T06:11:25.272Z [INFO]: Request completed {
  method: 'GET',
  url: '/src/components/ui/textarea.tsx',
  statusCode: 200,
  duration: '3ms',
  ip: '127.0.0.1',
  response: undefined
}
2025-08-18T06:11:25.275Z [INFO]: Request completed {
  method: 'GET',
  url: '/src/components/ui/select.tsx',
  statusCode: 200,
  duration: '2ms',
  ip: '127.0.0.1',
  response: undefined
}
2025-08-18T06:11:25.277Z [INFO]: Request completed {
  method: 'GET',
  url: '/src/components/modals/AddItemModal.tsx',
  statusCode: 200,
  duration: '2ms',
  ip: '127.0.0.1',
  response: undefined
}
2025-08-18T06:11:25.281Z [INFO]: Request completed {
  method: 'GET',
  url: '/@fs/C:/ledgerApp/node_modules/.vite/deps/react-hook-form.js?v=c3cc689c',
  statusCode: 200,
  duration: '2ms',
  ip: '127.0.0.1',
  response: undefined
}
2025-08-18T06:11:25.285Z [INFO]: Request completed {
  method: 'GET',
  url: '/@fs/C:/ledgerApp/node_modules/.vite/deps/@hookform_resolvers_zod.js?v=971b2b73',
  statusCode: 200,
  duration: '2ms',
  ip: '127.0.0.1',
  response: undefined
}
2025-08-18T06:11:25.289Z [INFO]: Request completed {
  method: 'GET',
  url: '/@fs/C:/ledgerApp/shared/schema.ts',
  statusCode: 200,
  duration: '2ms',
  ip: '127.0.0.1',
  response: undefined
}
2025-08-18T06:11:25.291Z [INFO]: Request completed {
  method: 'GET',
  url: '/src/components/ui/dialog.tsx',
  statusCode: 200,
  duration: '1ms',
  ip: '127.0.0.1',
  response: undefined
}
2025-08-18T06:11:25.294Z [INFO]: Request completed {
  method: 'GET',
  url: '/src/components/ui/form.tsx',
  statusCode: 200,
  duration: '1ms',
  ip: '127.0.0.1',
  response: undefined
}
2025-08-18T06:11:25.297Z [INFO]: Request completed {
  method: 'GET',
  url: '/src/components/JournalViewer.tsx',
  statusCode: 200,
  duration: '2ms',
  ip: '127.0.0.1',
  response: undefined
}
2025-08-18T06:11:25.304Z [INFO]: Request completed {
  method: 'GET',
  url: '/src/components/reports/TrialBalance.tsx',
  statusCode: 200,
  duration: '4ms',
  ip: '127.0.0.1',
  response: undefined
}
2025-08-18T06:11:25.307Z [INFO]: Request completed {
  method: 'GET',
  url: '/manifest.json',
  statusCode: 304,
  duration: '2ms',
  ip: '127.0.0.1',
  response: undefined
}
2025-08-18T06:11:25.310Z [INFO]: Request completed {
  method: 'GET',
  url: '/src/components/ui/switch.tsx',
  statusCode: 200,
  duration: '1ms',
  ip: '127.0.0.1',
  response: undefined
}
2025-08-18T06:11:25.313Z [INFO]: Request completed {
  method: 'GET',
  url: '/@fs/C:/ledgerApp/node_modules/.vite/deps/@radix-ui_react-toast.js?v=ca899276',
  statusCode: 200,
  duration: '1ms',
  ip: '127.0.0.1',
  response: undefined
}
2025-08-18T06:11:25.315Z [INFO]: Request completed {
  method: 'GET',
  url: '/@fs/C:/ledgerApp/node_modules/.vite/deps/class-variance-authority.js?v=1c402c26',
  statusCode: 200,
  duration: '1ms',
  ip: '127.0.0.1',
  response: undefined
}
2025-08-18T06:11:25.319Z [INFO]: Request completed {
  method: 'GET',
  url: '/@fs/C:/ledgerApp/node_modules/.vite/deps/chunk-CHVYRMJM.js?v=1d983009',
  statusCode: 200,
  duration: '2ms',
  ip: '127.0.0.1',
  response: undefined
}
2025-08-18T06:11:25.322Z [INFO]: Request completed {
  method: 'GET',
  url: '/@fs/C:/ledgerApp/node_modules/.vite/deps/chunk-D2AYEHMZ.js?v=1d983009',
  statusCode: 200,
  duration: '1ms',
  ip: '127.0.0.1',
  response: undefined
}
2025-08-18T06:11:25.325Z [INFO]: Request completed {
  method: 'GET',
  url: '/@fs/C:/ledgerApp/node_modules/.vite/deps/chunk-WJ76UY37.js?v=1d983009',
  statusCode: 200,
  duration: '1ms',
  ip: '127.0.0.1',
  response: undefined
}
2025-08-18T06:11:25.327Z [INFO]: Request completed {
  method: 'GET',
  url: '/@fs/C:/ledgerApp/node_modules/.vite/deps/chunk-FKTKUHVC.js?v=1d983009',
  statusCode: 200,
  duration: '2ms',
  ip: '127.0.0.1',
  response: undefined
}
2025-08-18T06:11:25.330Z [INFO]: Request completed {
  method: 'GET',
  url: '/@fs/C:/ledgerApp/node_modules/.vite/deps/chunk-YUBKWY7D.js?v=1d983009',
  statusCode: 200,
  duration: '1ms',
  ip: '127.0.0.1',
  response: undefined
}
2025-08-18T06:11:25.332Z [INFO]: Request completed {
  method: 'GET',
  url: '/@fs/C:/ledgerApp/node_modules/.vite/deps/chunk-HHZSVO2I.js?v=1d983009',
  statusCode: 200,
  duration: '1ms',
  ip: '127.0.0.1',
  response: undefined
}
2025-08-18T06:11:25.336Z [INFO]: Request completed {
  method: 'GET',
  url: '/@fs/C:/ledgerApp/node_modules/.vite/deps/chunk-Z4BFHM7M.js?v=1d983009',
  statusCode: 200,
  duration: '2ms',
  ip: '127.0.0.1',
  response: undefined
}
2025-08-18T06:11:25.338Z [INFO]: Request completed {
  method: 'GET',
  url: '/@fs/C:/ledgerApp/node_modules/.vite/deps/chunk-JCDXHMNF.js?v=1d983009',
  statusCode: 200,
  duration: '1ms',
  ip: '127.0.0.1',
  response: undefined
}
2025-08-18T06:11:25.341Z [INFO]: Request completed {
  method: 'GET',
  url: '/@fs/C:/ledgerApp/node_modules/.vite/deps/chunk-PALV7G7K.js?v=1d983009',
  statusCode: 200,
  duration: '1ms',
  ip: '127.0.0.1',
  response: undefined
}
2025-08-18T06:11:25.343Z [INFO]: Request completed {
  method: 'GET',
  url: '/@fs/C:/ledgerApp/node_modules/.vite/deps/chunk-LXTJ4TFU.js?v=1d983009',
  statusCode: 200,
  duration: '1ms',
  ip: '127.0.0.1',
  response: undefined
}
2025-08-18T06:11:25.345Z [INFO]: Request completed {
  method: 'GET',
  url: '/@fs/C:/ledgerApp/node_modules/.vite/deps/clsx.js?v=0675f020',
  statusCode: 200,
  duration: '1ms',
  ip: '127.0.0.1',
  response: undefined
}
2025-08-18T06:11:25.348Z [INFO]: Request completed {
  method: 'GET',
  url: '/@fs/C:/ledgerApp/node_modules/.vite/deps/tailwind-merge.js?v=cda837d8',
  statusCode: 200,
  duration: '1ms',
  ip: '127.0.0.1',
  response: undefined
}
2025-08-18T06:11:25.352Z [INFO]: Request completed {
  method: 'GET',
  url: '/src/components/ui/dropdown-menu.tsx',
  statusCode: 200,
  duration: '3ms',
  ip: '127.0.0.1',
  response: undefined
}
2025-08-18T06:11:25.355Z [INFO]: Request completed {
  method: 'GET',
  url: '/@fs/C:/ledgerApp/node_modules/.vite/deps/@radix-ui_react-slot.js?v=b38ce553',
  statusCode: 200,
  duration: '1ms',
  ip: '127.0.0.1',
  response: undefined
}
2025-08-18T06:11:25.358Z [INFO]: Request completed {
  method: 'GET',
  url: '/@fs/C:/ledgerApp/node_modules/.vite/deps/@radix-ui_react-avatar.js?v=b0d6fc53',
  statusCode: 200,
  duration: '3ms',
  ip: '127.0.0.1',
  response: undefined
}
2025-08-18T06:11:25.361Z [INFO]: Request completed {
  method: 'GET',
  url: '/src/components/ui/skeleton.tsx',
  statusCode: 200,
  duration: '2ms',
  ip: '127.0.0.1',
  response: undefined
}
2025-08-18T06:11:25.365Z [INFO]: Request completed {
  method: 'GET',
  url: '/@fs/C:/ledgerApp/node_modules/.vite/deps/@radix-ui_react-tabs.js?v=0858df31',
  statusCode: 200,
  duration: '2ms',
  ip: '127.0.0.1',
  response: undefined
}
2025-08-18T06:11:25.371Z [INFO]: Request completed {
  method: 'GET',
  url: '/@fs/C:/ledgerApp/node_modules/.vite/deps/zod.js?v=c780bb3d',
  statusCode: 200,
  duration: '4ms',
  ip: '127.0.0.1',
  response: undefined
}
2025-08-18T06:11:25.376Z [INFO]: Request completed {
  method: 'GET',
  url: '/@fs/C:/ledgerApp/node_modules/.vite/deps/@radix-ui_react-label.js?v=1f4dcb42',
  statusCode: 200,
  duration: '3ms',
  ip: '127.0.0.1',
  response: undefined
}
2025-08-18T06:11:25.382Z [INFO]: Request completed {
  method: 'GET',
  url: '/@fs/C:/ledgerApp/node_modules/.vite/deps/@radix-ui_react-select.js?v=c3334cd8',
  statusCode: 200,
  duration: '4ms',
  ip: '127.0.0.1',
  response: undefined
}
2025-08-18T06:11:25.388Z [INFO]: Request completed {
  method: 'GET',
  url: '/@fs/C:/ledgerApp/node_modules/.vite/deps/chunk-CXJMC5RA.js?v=1d983009',
  statusCode: 200,
  duration: '4ms',
  ip: '127.0.0.1',
  response: undefined
}
2025-08-18T06:11:25.394Z [INFO]: Request completed {
  method: 'GET',
  url: '/@fs/C:/ledgerApp/node_modules/.vite/deps/@radix-ui_react-dialog.js?v=9956f8e6',
  statusCode: 200,
  duration: '3ms',
  ip: '127.0.0.1',
  response: undefined
}
2025-08-18T06:11:25.401Z [INFO]: Request completed {
  method: 'GET',
  url: '/src/components/ui/table.tsx',
  statusCode: 200,
  duration: '4ms',
  ip: '127.0.0.1',
  response: undefined
}
2025-08-18T06:11:25.407Z [INFO]: Request completed {
  method: 'GET',
  url: '/@fs/C:/ledgerApp/node_modules/.vite/deps/chunk-AWJ7E7GQ.js?v=1d983009',
  statusCode: 200,
  duration: '4ms',
  ip: '127.0.0.1',
  response: undefined
}
2025-08-18T06:11:25.413Z [INFO]: Request completed {
  method: 'GET',
  url: '/@fs/C:/ledgerApp/node_modules/.vite/deps/chunk-U7P2NEEE.js?v=1d983009',
  statusCode: 200,
  duration: '3ms',
  ip: '127.0.0.1',
  response: undefined
}
2025-08-18T06:11:25.420Z [INFO]: Request completed {
  method: 'GET',
  url: '/@fs/C:/ledgerApp/node_modules/.vite/deps/@radix-ui_react-dropdown-menu.js?v=c9a0008c',
  statusCode: 200,
  duration: '4ms',
  ip: '127.0.0.1',
  response: undefined
}
2025-08-18T06:11:25.426Z [INFO]: Request completed {
  method: 'GET',
  url: '/@fs/C:/ledgerApp/node_modules/.vite/deps/chunk-JY33FNYL.js?v=1d983009',
  statusCode: 200,
  duration: '3ms',
  ip: '127.0.0.1',
  response: undefined
}
2025-08-18T06:11:25.432Z [INFO]: Request completed {
  method: 'GET',
  url: '/@fs/C:/ledgerApp/node_modules/.vite/deps/chunk-HGJTK426.js?v=1d983009',
  statusCode: 200,
  duration: '3ms',
  ip: '127.0.0.1',
  response: undefined
}
2025-08-18T06:11:25.441Z [INFO]: Request completed {
  method: 'GET',
  url: '/@fs/C:/ledgerApp/node_modules/.vite/deps/chunk-QH7Y6EI7.js?v=1d983009',
  statusCode: 200,
  duration: '5ms',
  ip: '127.0.0.1',
  response: undefined
}
2025-08-18T06:11:25.451Z [INFO]: Request completed {
  method: 'GET',
  url: '/@fs/C:/ledgerApp/node_modules/.vite/deps/chunk-QP3POUYJ.js?v=1d983009',
  statusCode: 200,
  duration: '5ms',
  ip: '127.0.0.1',
  response: undefined
}
2025-08-18T06:11:25.462Z [INFO]: Request completed {
  method: 'GET',
  url: '/src/lib/photo-utils.ts',
  statusCode: 304,
  duration: '4ms',
  ip: '127.0.0.1',
  response: undefined
}
2025-08-18T06:11:25.488Z [INFO]: Request completed {
  method: 'GET',
  url: '/src/components/ui/badge.tsx',
  statusCode: 200,
  duration: '4ms',
  ip: '127.0.0.1',
  response: undefined
}
2025-08-18T06:11:25.494Z [INFO]: Request completed {
  method: 'GET',
  url: '/@fs/C:/ledgerApp/node_modules/.vite/deps/@radix-ui_react-switch.js?v=7e4823e4',
  statusCode: 200,
  duration: '3ms',
  ip: '127.0.0.1',
  response: undefined
}
2025-08-18T06:11:25.633Z [INFO]: Request completed {
  method: 'GET',
  url: '/sw.js',
  statusCode: 304,
  duration: '3ms',
  ip: '127.0.0.1',
  response: undefined
}
2025-08-18T06:11:25.724Z [INFO]: Request completed {
  method: 'GET',
  url: '/',
  statusCode: 200,
  duration: '55ms',
  ip: '127.0.0.1',
  response: undefined
}
2025-08-18T06:11:25.726Z [INFO]: Request completed {
  method: 'GET',
  url: '/',
  statusCode: 200,
  duration: '62ms',
  ip: '127.0.0.1',
  response: undefined
}
2025-08-18T06:11:25.735Z [INFO]: Request completed {
  method: 'GET',
  url: '/src/main.tsx',
  statusCode: 200,
  duration: '61ms',
  ip: '127.0.0.1',
  response: undefined
}
2025-08-18T06:11:25.741Z [INFO]: Request completed {
  method: 'GET',
  url: '/src/App.tsx',
  statusCode: 200,
  duration: '4ms',
  ip: '127.0.0.1',
  response: undefined
}
2025-08-18T06:11:25.836Z [INFO]: Request completed {
  method: 'GET',
  url: '/',
  statusCode: 200,
  duration: '132ms',
  ip: '127.0.0.1',
  response: undefined
}
2025-08-18T06:11:25.845Z [INFO]: Request completed {
  method: 'GET',
  url: '/src/index.css',
  statusCode: 200,
  duration: '5ms',
  ip: '127.0.0.1',
  response: undefined
}
2025-08-18T06:11:25.863Z [INFO]: Request completed {
  method: 'GET',
  url: '/manifest.json',
  statusCode: 304,
  duration: '5ms',
  ip: '127.0.0.1',
  response: undefined
}
2025-08-18T06:11:26.931Z [INFO]: Request completed {
  method: 'GET',
  url: '/api/accounts',
  statusCode: 200,
  duration: '1318ms',
  ip: '127.0.0.1',
  response: undefined
}
