2025-08-17T21:05:26.523Z [SECURITY]: Failed login {
  email: 'ismail@eng-ict.com',
  reason: 'Invalid password',
  ip: 'unknown',
  userAgent: undefined
}
2025-08-17T21:06:12.133Z [SECURITY]: Failed login {
  email: 'ismail@eng-ict.com',
  reason: 'Invalid password',
  ip: 'unknown',
  userAgent: undefined
}
2025-08-18T05:48:51.565Z [ERROR]: unhandledRejection: Unknown column 'accounts.business_id' in 'where clause'
Error: Unknown column 'accounts.business_id' in 'where clause'
    at PromisePool.query (C:\ledgerApp\node_modules\mysql2\lib\promise\pool.js:36:22)
    at MySql2PreparedQuery.execute (C:\ledgerApp\node_modules\src\mysql2\session.ts:121:31)
    at MySqlSelectBase.execute (C:\ledgerApp\node_modules\src\mysql-core\query-builders\select.ts:1056:25)
    at MySqlSelectBase.then (C:\ledgerApp\node_modules\src\query-promise.ts:31:15)
    at process.processTicksAndRejections (node:internal/process/task_queues:105:5) {
  error: Error: Unknown column 'accounts.business_id' in 'where clause'
      at PromisePool.query (C:\ledgerApp\node_modules\mysql2\lib\promise\pool.js:36:22)
      at MySql2PreparedQuery.execute (C:\ledgerApp\node_modules\src\mysql2\session.ts:121:31)
      at MySqlSelectBase.execute (C:\ledgerApp\node_modules\src\mysql-core\query-builders\select.ts:1056:25)
      at MySqlSelectBase.then (C:\ledgerApp\node_modules\src\query-promise.ts:31:15)
      at process.processTicksAndRejections (node:internal/process/task_queues:105:5) {
    code: 'ER_BAD_FIELD_ERROR',
    errno: 1054,
    sql: "select `id`, `name`, `phone`, `type` from `accounts` where `accounts`.`business_id` = 'biz_ismail'",
    sqlState: '42S22',
    sqlMessage: "Unknown column 'accounts.business_id' in 'where clause'"
  },
  stack: "Error: Unknown column 'accounts.business_id' in 'where clause'\n" +
    '    at PromisePool.query (C:\\ledgerApp\\node_modules\\mysql2\\lib\\promise\\pool.js:36:22)\n' +
    '    at MySql2PreparedQuery.execute (C:\\ledgerApp\\node_modules\\src\\mysql2\\session.ts:121:31)\n' +
    '    at MySqlSelectBase.execute (C:\\ledgerApp\\node_modules\\src\\mysql-core\\query-builders\\select.ts:1056:25)\n' +
    '    at MySqlSelectBase.then (C:\\ledgerApp\\node_modules\\src\\query-promise.ts:31:15)\n' +
    '    at process.processTicksAndRejections (node:internal/process/task_queues:105:5)',
  rejection: true,
  date: 'Mon Aug 18 2025 08:48:51 GMT+0300 (East Africa Time)',
  process: {
    pid: 17532,
    uid: null,
    gid: null,
    cwd: 'C:\\ledgerApp',
    execPath: 'C:\\Program Files\\nodejs\\node.exe',
    version: 'v22.14.0',
    argv: [
      'C:\\Program Files\\nodejs\\node.exe',
      'C:\\ledgerApp\\server\\index.ts'
    ],
    memoryUsage: {
      rss: 146485248,
      heapTotal: 72146944,
      heapUsed: 67710680,
      external: 7835075,
      arrayBuffers: 2304629
    }
  },
  os: { loadavg: [ 0, 0, 0 ], uptime: 124470.25 },
  trace: [
    {
      column: 22,
      file: 'C:\\ledgerApp\\node_modules\\mysql2\\lib\\promise\\pool.js',
      function: 'PromisePool.query',
      line: 36,
      method: 'query',
      native: false
    },
    {
      column: 31,
      file: 'C:\\ledgerApp\\node_modules\\src\\mysql2\\session.ts',
      function: 'MySql2PreparedQuery.execute',
      line: 121,
      method: 'execute',
      native: false
    },
    {
      column: 25,
      file: 'C:\\ledgerApp\\node_modules\\src\\mysql-core\\query-builders\\select.ts',
      function: 'MySqlSelectBase.execute',
      line: 1056,
      method: 'execute',
      native: false
    },
    {
      column: 15,
      file: 'C:\\ledgerApp\\node_modules\\src\\query-promise.ts',
      function: 'MySqlSelectBase.then',
      line: 31,
      method: 'then',
      native: false
    },
    {
      column: 5,
      file: 'node:internal/process/task_queues',
      function: 'process.processTicksAndRejections',
      line: 105,
      method: 'processTicksAndRejections',
      native: false
    }
  ]
}
2025-08-18T06:08:32.012Z [ERROR]: unhandledRejection: connect ETIMEDOUT
Error: connect ETIMEDOUT
    at PromisePool.query (C:\ledgerApp\node_modules\mysql2\lib\promise\pool.js:36:22)
    at MySql2PreparedQuery.execute (C:\ledgerApp\node_modules\src\mysql2\session.ts:121:31)
    at MySqlSelectBase.execute (C:\ledgerApp\node_modules\src\mysql-core\query-builders\select.ts:1056:25)
    at MySqlSelectBase.then (C:\ledgerApp\node_modules\src\query-promise.ts:31:15)
    at process.processTicksAndRejections (node:internal/process/task_queues:105:5) {
  error: Error: connect ETIMEDOUT
      at PromisePool.query (C:\ledgerApp\node_modules\mysql2\lib\promise\pool.js:36:22)
      at MySql2PreparedQuery.execute (C:\ledgerApp\node_modules\src\mysql2\session.ts:121:31)
      at MySqlSelectBase.execute (C:\ledgerApp\node_modules\src\mysql-core\query-builders\select.ts:1056:25)
      at MySqlSelectBase.then (C:\ledgerApp\node_modules\src\query-promise.ts:31:15)
      at process.processTicksAndRejections (node:internal/process/task_queues:105:5) {
    code: 'ETIMEDOUT',
    errno: undefined,
    sql: undefined,
    sqlState: undefined,
    sqlMessage: undefined
  },
  stack: 'Error: connect ETIMEDOUT\n' +
    '    at PromisePool.query (C:\\ledgerApp\\node_modules\\mysql2\\lib\\promise\\pool.js:36:22)\n' +
    '    at MySql2PreparedQuery.execute (C:\\ledgerApp\\node_modules\\src\\mysql2\\session.ts:121:31)\n' +
    '    at MySqlSelectBase.execute (C:\\ledgerApp\\node_modules\\src\\mysql-core\\query-builders\\select.ts:1056:25)\n' +
    '    at MySqlSelectBase.then (C:\\ledgerApp\\node_modules\\src\\query-promise.ts:31:15)\n' +
    '    at process.processTicksAndRejections (node:internal/process/task_queues:105:5)',
  rejection: true,
  date: 'Mon Aug 18 2025 09:08:31 GMT+0300 (East Africa Time)',
  process: {
    pid: 23356,
    uid: null,
    gid: null,
    cwd: 'C:\\ledgerApp',
    execPath: 'C:\\Program Files\\nodejs\\node.exe',
    version: 'v22.14.0',
    argv: [
      'C:\\Program Files\\nodejs\\node.exe',
      'C:\\ledgerApp\\server\\index.ts'
    ],
    memoryUsage: {
      rss: 146673664,
      heapTotal: 71622656,
      heapUsed: 67283456,
      external: 7828550,
      arrayBuffers: 2298104
    }
  },
  os: { loadavg: [ 0, 0, 0 ], uptime: 125650.703 },
  trace: [
    {
      column: 22,
      file: 'C:\\ledgerApp\\node_modules\\mysql2\\lib\\promise\\pool.js',
      function: 'PromisePool.query',
      line: 36,
      method: 'query',
      native: false
    },
    {
      column: 31,
      file: 'C:\\ledgerApp\\node_modules\\src\\mysql2\\session.ts',
      function: 'MySql2PreparedQuery.execute',
      line: 121,
      method: 'execute',
      native: false
    },
    {
      column: 25,
      file: 'C:\\ledgerApp\\node_modules\\src\\mysql-core\\query-builders\\select.ts',
      function: 'MySqlSelectBase.execute',
      line: 1056,
      method: 'execute',
      native: false
    },
    {
      column: 15,
      file: 'C:\\ledgerApp\\node_modules\\src\\query-promise.ts',
      function: 'MySqlSelectBase.then',
      line: 31,
      method: 'then',
      native: false
    },
    {
      column: 5,
      file: 'node:internal/process/task_queues',
      function: 'process.processTicksAndRejections',
      line: 105,
      method: 'processTicksAndRejections',
      native: false
    }
  ]
}
